
> fazo-digital@1.0.0 build
> tsc --noEmit && vite build && vite build --ssr src/entry-server.tsx --outDir dist/server && node scripts/prerender.mjs

vite v8.3.0 building client environment for production...
transforming...
✓ 484 modules transformed.
rendering chunks...
computing gzip size...
dist/index.html                       3.30 kB │ gzip:   1.19 kB
dist/assets/fazo-mark-hHh7rFQL.png    9.04 kB
dist/assets/index-DwS47ZOQ.css       53.39 kB │ gzip:  10.05 kB
dist/assets/index-CAM-phDt.js       511.83 kB │ gzip: 160.25 kB

[plugin builtin:vite-reporter] 
(!) Some chunks are larger than 500 kB after minification. Consider:
- Using dynamic import() to code-split the application
- Use build.rolldownOptions.output.codeSplitting to improve chunking: https://rolldown.rs/reference/OutputOptions.codeSplitting
- Adjust chunk size limit for this warning via build.chunkSizeWarningLimit.
✓ built in 140ms
vite v8.3.0 building ssr environment for production...
transforming...
✓ 60 modules transformed.
rendering chunks...
computing gzip size...
dist/server/entry-server.js  240.24 kB │ gzip: 61.06 kB

✓ built in 15ms
prerendered 63 pages + sitemap (63 urls)
